// Jest Snapshot v1, https://goo.gl/fbAQLP

exports[`PageLoader It should match the snapshot 1`] = `
<div
  className="MuiLinearProgress-root-1 MuiLinearProgress-colorSecondary-3"
  role="progressbar"
>
  <div
    className="MuiLinearProgress-bar-9 MuiLinearProgress-barColorSecondary-11 MuiLinearProgress-bar1Indeterminate-12"
    style={Object {}}
  />
  <div
    className="MuiLinearProgress-bar-9 MuiLinearProgress-barColorSecondary-11 MuiLinearProgress-bar2Indeterminate-15"
    style={Object {}}
  />
</div>
`;
